// Jest Snapshot v1, https://goo.gl/fbAQLP

exports[`List component renders the UI as expected 1`] = `
<div
  className="Card"
>
  <h3>
    test
  </h3>
  <p>
    test
  </p>
</div>
`;
